Running bounded snapshot benchmarks (set AENV_BENCH_FULL=1 for Criterion sampling)
prefault_e2e invariant: one profiled snapshot; working-set ranges 110, bytes 32395264; only the in-process pre-fault boolean differs between arms
prefault_e2e_resource_cold_disabled_run1_sample sample=1 total_us=112050 restore_setup_us=5168 snapshot_load_us=10501 prefault_us=3 firecracker_resume_us=336 envd_ready_us=58544 guest_command_us=37172
prefault_e2e_resource_cold_disabled_run1_sample sample=2 total_us=138938 restore_setup_us=4179 snapshot_load_us=23847 prefault_us=4 firecracker_resume_us=768 envd_ready_us=70481 guest_command_us=39321
prefault_e2e_resource_cold_disabled_run1_sample sample=3 total_us=129853 restore_setup_us=4090 snapshot_load_us=12869 prefault_us=4 firecracker_resume_us=623 envd_ready_us=70196 guest_command_us=41756
prefault_e2e_resource_cold_disabled_run1_sample sample=4 total_us=124381 restore_setup_us=4157 snapshot_load_us=12969 prefault_us=4 firecracker_resume_us=994 envd_ready_us=68170 guest_command_us=37764
prefault_e2e_resource_cold_disabled_run1_sample sample=5 total_us=162034 restore_setup_us=4391 snapshot_load_us=12386 prefault_us=4 firecracker_resume_us=1738 envd_ready_us=98047 guest_command_us=45151
prefault_e2e_resource_cold_disabled_run1_sample sample=6 total_us=165921 restore_setup_us=4471 snapshot_load_us=13514 prefault_us=4 firecracker_resume_us=1009 envd_ready_us=95519 guest_command_us=51083
prefault_e2e_resource_cold_disabled_run1_sample sample=7 total_us=143677 restore_setup_us=5181 snapshot_load_us=10032 prefault_us=4 firecracker_resume_us=1040 envd_ready_us=85417 guest_command_us=41667
prefault_e2e_resource_cold_disabled_run1_sample sample=8 total_us=134436 restore_setup_us=4495 snapshot_load_us=10955 prefault_us=4 firecracker_resume_us=795 envd_ready_us=69373 guest_command_us=48476
prefault_e2e_resource_cold_disabled_run1_sample sample=9 total_us=159673 restore_setup_us=4353 snapshot_load_us=11279 prefault_us=4 firecracker_resume_us=870 envd_ready_us=84013 guest_command_us=58861
prefault_e2e_resource_cold_disabled_run1_sample sample=10 total_us=134781 restore_setup_us=4800 snapshot_load_us=12706 prefault_us=4 firecracker_resume_us=1403 envd_ready_us=66867 guest_command_us=48687
prefault_e2e_resource_cold_disabled_run1 mean  140.57 ms  min  112.05 ms  max  165.92 ms  samples 10
prefault_e2e_resource_cold_disabled_run1_restore_setup mean    4.53 ms  min    4.09 ms  max    5.18 ms  samples 10
prefault_e2e_resource_cold_disabled_run1_snapshot_load mean   13.11 ms  min   10.03 ms  max   23.85 ms  samples 10
prefault_e2e_resource_cold_disabled_run1_prefault mean    0.00 ms  min    0.00 ms  max    0.00 ms  samples 10
prefault_e2e_resource_cold_disabled_run1_firecracker_resume mean    0.96 ms  min    0.34 ms  max    1.74 ms  samples 10
prefault_e2e_resource_cold_disabled_run1_envd_ready mean   76.66 ms  min   58.54 ms  max   98.05 ms  samples 10
prefault_e2e_resource_cold_disabled_run1_guest_command mean   44.99 ms  min   37.17 ms  max   58.86 ms  samples 10
prefault_e2e_resource_cold_enabled_run2_sample sample=1 total_us=122429 restore_setup_us=4111 snapshot_load_us=10729 prefault_us=49379 firecracker_resume_us=1308 envd_ready_us=11068 guest_command_us=45560
prefault_e2e_resource_cold_enabled_run2_prefault_stats sample=1 requested_bytes=32395264 completed_bytes=32395264 remaining_bytes=0 range_count=110 ioctl_count=110 wall_time_us=46907 workers=[PrefaultWorkerStats { vcpu_id: 0, range_count: 110, requested_bytes: 32395264, completed_bytes: 32395264, remaining_bytes: 0, ioctl_count: 110, wall_time_us: 46637 }]
prefault_e2e_resource_cold_enabled_run2_sample sample=2 total_us=115597 restore_setup_us=4186 snapshot_load_us=12156 prefault_us=43333 firecracker_resume_us=1052 envd_ready_us=14768 guest_command_us=39749
prefault_e2e_resource_cold_enabled_run2_prefault_stats sample=2 requested_bytes=32395264 completed_bytes=32395264 remaining_bytes=0 range_count=110 ioctl_count=111 wall_time_us=41269 workers=[PrefaultWorkerStats { vcpu_id: 0, range_count: 110, requested_bytes: 32395264, completed_bytes: 32395264, remaining_bytes: 0, ioctl_count: 111, wall_time_us: 41099 }]
prefault_e2e_resource_cold_enabled_run2_sample sample=3 total_us=109205 restore_setup_us=4273 snapshot_load_us=10910 prefault_us=41447 firecracker_resume_us=1181 envd_ready_us=10339 guest_command_us=40732
prefault_e2e_resource_cold_enabled_run2_prefault_stats sample=3 requested_bytes=32395264 completed_bytes=32395264 remaining_bytes=0 range_count=110 ioctl_count=110 wall_time_us=39027 workers=[PrefaultWorkerStats { vcpu_id: 0, range_count: 110, requested_bytes: 32395264, completed_bytes: 32395264, remaining_bytes: 0, ioctl_count: 110, wall_time_us: 38770 }]
prefault_e2e_resource_cold_enabled_run2_sample sample=4 total_us=106675 restore_setup_us=4425 snapshot_load_us=10970 prefault_us=35724 firecracker_resume_us=1253 envd_ready_us=11550 guest_command_us=42452
prefault_e2e_resource_cold_enabled_run2_prefault_stats sample=4 requested_bytes=32395264 completed_bytes=32395264 remaining_bytes=0 range_count=110 ioctl_count=110 wall_time_us=33929 workers=[PrefaultWorkerStats { vcpu_id: 0, range_count: 110, requested_bytes: 32395264, completed_bytes: 32395264, remaining_bytes: 0, ioctl_count: 110, wall_time_us: 33684 }]
prefault_e2e_resource_cold_enabled_run2_sample sample=5 total_us=132792 restore_setup_us=4212 snapshot_load_us=12821 prefault_us=60777 firecracker_resume_us=1281 envd_ready_us=13852 guest_command_us=39544
prefault_e2e_resource_cold_enabled_run2_prefault_stats sample=5 requested_bytes=32395264 completed_bytes=32395264 remaining_bytes=0 range_count=110 ioctl_count=110 wall_time_us=58934 workers=[PrefaultWorkerStats { vcpu_id: 0, range_count: 110, requested_bytes: 32395264, completed_bytes: 32395264, remaining_bytes: 0, ioctl_count: 110, wall_time_us: 58678 }]
prefault_e2e_resource_cold_enabled_run2_sample sample=6 total_us=108630 restore_setup_us=4221 snapshot_load_us=10080 prefault_us=44219 firecracker_resume_us=1286 envd_ready_us=11413 guest_command_us=37081
prefault_e2e_resource_cold_enabled_run2_prefault_stats sample=6 requested_bytes=32395264 completed_bytes=32395264 remaining_bytes=0 range_count=110 ioctl_count=110 wall_time_us=42241 workers=[PrefaultWorkerStats { vcpu_id: 0, range_count: 110, requested_bytes: 32395264, completed_bytes: 32395264, remaining_bytes: 0, ioctl_count: 110, wall_time_us: 41981 }]
prefault_e2e_resource_cold_enabled_run2_sample sample=7 total_us=112101 restore_setup_us=4402 snapshot_load_us=10386 prefault_us=39508 firecracker_resume_us=1211 envd_ready_us=14812 guest_command_us=41502
prefault_e2e_resource_cold_enabled_run2_prefault_stats sample=7 requested_bytes=32395264 completed_bytes=32395264 remaining_bytes=0 range_count=110 ioctl_count=110 wall_time_us=37419 workers=[PrefaultWorkerStats { vcpu_id: 0, range_count: 110, requested_bytes: 32395264, completed_bytes: 32395264, remaining_bytes: 0, ioctl_count: 110, wall_time_us: 37174 }]
prefault_e2e_resource_cold_enabled_run2_sample sample=8 total_us=147783 restore_setup_us=4435 snapshot_load_us=12548 prefault_us=78030 firecracker_resume_us=1287 envd_ready_us=12673 guest_command_us=38487
prefault_e2e_resource_cold_enabled_run2_prefault_stats sample=8 requested_bytes=32395264 completed_bytes=32395264 remaining_bytes=0 range_count=110 ioctl_count=110 wall_time_us=75952 workers=[PrefaultWorkerStats { vcpu_id: 0, range_count: 110, requested_bytes: 32395264, completed_bytes: 32395264, remaining_bytes: 0, ioctl_count: 110, wall_time_us: 75719 }]
prefault_e2e_resource_cold_enabled_run2_sample sample=9 total_us=121161 restore_setup_us=4314 snapshot_load_us=12773 prefault_us=54678 firecracker_resume_us=1326 envd_ready_us=11473 guest_command_us=36189
prefault_e2e_resource_cold_enabled_run2_prefault_stats sample=9 requested_bytes=32395264 completed_bytes=32395264 remaining_bytes=0 range_count=110 ioctl_count=110 wall_time_us=52506 workers=[PrefaultWorkerStats { vcpu_id: 0, range_count: 110, requested_bytes: 32395264, completed_bytes: 32395264, remaining_bytes: 0, ioctl_count: 110, wall_time_us: 52289 }]
prefault_e2e_resource_cold_enabled_run2_sample sample=10 total_us=135533 restore_setup_us=4064 snapshot_load_us=12526 prefault_us=58702 firecracker_resume_us=1225 envd_ready_us=15433 guest_command_us=43255
prefault_e2e_resource_cold_enabled_run2_prefault_stats sample=10 requested_bytes=32395264 completed_bytes=32395264 remaining_bytes=0 range_count=110 ioctl_count=110 wall_time_us=56686 workers=[PrefaultWorkerStats { vcpu_id: 0, range_count: 110, requested_bytes: 32395264, completed_bytes: 32395264, remaining_bytes: 0, ioctl_count: 110, wall_time_us: 56427 }]
prefault_e2e_resource_cold_enabled_run2 mean  121.19 ms  min  106.68 ms  max  147.78 ms  samples 10
prefault_e2e_resource_cold_enabled_run2_restore_setup mean    4.26 ms  min    4.06 ms  max    4.44 ms  samples 10
prefault_e2e_resource_cold_enabled_run2_snapshot_load mean   11.59 ms  min   10.08 ms  max   12.82 ms  samples 10
prefault_e2e_resource_cold_enabled_run2_prefault mean   50.58 ms  min   35.72 ms  max   78.03 ms  samples 10
prefault_e2e_resource_cold_enabled_run2_firecracker_resume mean    1.24 ms  min    1.05 ms  max    1.33 ms  samples 10
prefault_e2e_resource_cold_enabled_run2_envd_ready mean   12.74 ms  min   10.34 ms  max   15.43 ms  samples 10
prefault_e2e_resource_cold_enabled_run2_guest_command mean   40.46 ms  min   36.19 ms  max   45.56 ms  samples 10
prefault_e2e_resource_cold_enabled_run3_sample sample=1 total_us=156879 restore_setup_us=4223 snapshot_load_us=11699 prefault_us=86918 firecracker_resume_us=1345 envd_ready_us=13084 guest_command_us=39337
prefault_e2e_resource_cold_enabled_run3_prefault_stats sample=1 requested_bytes=32395264 completed_bytes=32395264 remaining_bytes=0 range_count=110 ioctl_count=110 wall_time_us=84556 workers=[PrefaultWorkerStats { vcpu_id: 0, range_count: 110, requested_bytes: 32395264, completed_bytes: 32395264, remaining_bytes: 0, ioctl_count: 110, wall_time_us: 84308 }]
prefault_e2e_resource_cold_enabled_run3_sample sample=2 total_us=124448 restore_setup_us=4306 snapshot_load_us=13286 prefault_us=51864 firecracker_resume_us=1389 envd_ready_us=10975 guest_command_us=42313
prefault_e2e_resource_cold_enabled_run3_prefault_stats sample=2 requested_bytes=32395264 completed_bytes=32395264 remaining_bytes=0 range_count=110 ioctl_count=110 wall_time_us=49857 workers=[PrefaultWorkerStats { vcpu_id: 0, range_count: 110, requested_bytes: 32395264, completed_bytes: 32395264, remaining_bytes: 0, ioctl_count: 110, wall_time_us: 49599 }]
prefault_e2e_resource_cold_enabled_run3_sample sample=3 total_us=121042 restore_setup_us=4151 snapshot_load_us=11297 prefault_us=56121 firecracker_resume_us=1292 envd_ready_us=11485 guest_command_us=36370
prefault_e2e_resource_cold_enabled_run3_prefault_stats sample=3 requested_bytes=32395264 completed_bytes=32395264 remaining_bytes=0 range_count=110 ioctl_count=110 wall_time_us=53268 workers=[PrefaultWorkerStats { vcpu_id: 0, range_count: 110, requested_bytes: 32395264, completed_bytes: 32395264, remaining_bytes: 0, ioctl_count: 110, wall_time_us: 53008 }]
prefault_e2e_resource_cold_enabled_run3_sample sample=4 total_us=140560 restore_setup_us=4254 snapshot_load_us=12940 prefault_us=64457 firecracker_resume_us=1238 envd_ready_us=13372 guest_command_us=43985
prefault_e2e_resource_cold_enabled_run3_prefault_stats sample=4 requested_bytes=32395264 completed_bytes=32395264 remaining_bytes=0 range_count=110 ioctl_count=110 wall_time_us=62055 workers=[PrefaultWorkerStats { vcpu_id: 0, range_count: 110, requested_bytes: 32395264, completed_bytes: 32395264, remaining_bytes: 0, ioctl_count: 110, wall_time_us: 61793 }]
prefault_e2e_resource_cold_enabled_run3_sample sample=5 total_us=117776 restore_setup_us=4643 snapshot_load_us=11161 prefault_us=40547 firecracker_resume_us=1302 envd_ready_us=10207 guest_command_us=49596
prefault_e2e_resource_cold_enabled_run3_prefault_stats sample=5 requested_bytes=32395264 completed_bytes=32395264 remaining_bytes=0 range_count=110 ioctl_count=110 wall_time_us=38377 workers=[PrefaultWorkerStats { vcpu_id: 0, range_count: 110, requested_bytes: 32395264, completed_bytes: 32395264, remaining_bytes: 0, ioctl_count: 110, wall_time_us: 38126 }]
prefault_e2e_resource_cold_enabled_run3_sample sample=6 total_us=126273 restore_setup_us=4565 snapshot_load_us=13162 prefault_us=48991 firecracker_resume_us=1052 envd_ready_us=17034 guest_command_us=41148
prefault_e2e_resource_cold_enabled_run3_prefault_stats sample=6 requested_bytes=32395264 completed_bytes=32395264 remaining_bytes=0 range_count=110 ioctl_count=110 wall_time_us=46906 workers=[PrefaultWorkerStats { vcpu_id: 0, range_count: 110, requested_bytes: 32395264, completed_bytes: 32395264, remaining_bytes: 0, ioctl_count: 110, wall_time_us: 46698 }]
prefault_e2e_resource_cold_enabled_run3_sample sample=7 total_us=116478 restore_setup_us=4473 snapshot_load_us=12399 prefault_us=50605 firecracker_resume_us=1317 envd_ready_us=11180 guest_command_us=36209
prefault_e2e_resource_cold_enabled_run3_prefault_stats sample=7 requested_bytes=32395264 completed_bytes=32395264 remaining_bytes=0 range_count=110 ioctl_count=110 wall_time_us=48181 workers=[PrefaultWorkerStats { vcpu_id: 0, range_count: 110, requested_bytes: 32395264, completed_bytes: 32395264, remaining_bytes: 0, ioctl_count: 110, wall_time_us: 47927 }]
prefault_e2e_resource_cold_enabled_run3_sample sample=8 total_us=112276 restore_setup_us=4788 snapshot_load_us=10212 prefault_us=48229 firecracker_resume_us=1188 envd_ready_us=10458 guest_command_us=37095
prefault_e2e_resource_cold_enabled_run3_prefault_stats sample=8 requested_bytes=32395264 completed_bytes=32395264 remaining_bytes=0 range_count=110 ioctl_count=110 wall_time_us=46136 workers=[PrefaultWorkerStats { vcpu_id: 0, range_count: 110, requested_bytes: 32395264, completed_bytes: 32395264, remaining_bytes: 0, ioctl_count: 110, wall_time_us: 45878 }]
prefault_e2e_resource_cold_enabled_run3_sample sample=9 total_us=106698 restore_setup_us=4436 snapshot_load_us=10424 prefault_us=39391 firecracker_resume_us=1350 envd_ready_us=10512 guest_command_us=40267
prefault_e2e_resource_cold_enabled_run3_prefault_stats sample=9 requested_bytes=32395264 completed_bytes=32395264 remaining_bytes=0 range_count=110 ioctl_count=110 wall_time_us=37190 workers=[PrefaultWorkerStats { vcpu_id: 0, range_count: 110, requested_bytes: 32395264, completed_bytes: 32395264, remaining_bytes: 0, ioctl_count: 110, wall_time_us: 36994 }]
prefault_e2e_resource_cold_enabled_run3_sample sample=10 total_us=144961 restore_setup_us=4458 snapshot_load_us=11784 prefault_us=74669 firecracker_resume_us=1224 envd_ready_us=15698 guest_command_us=36808
prefault_e2e_resource_cold_enabled_run3_prefault_stats sample=10 requested_bytes=32395264 completed_bytes=32395264 remaining_bytes=0 range_count=110 ioctl_count=110 wall_time_us=72265 workers=[PrefaultWorkerStats { vcpu_id: 0, range_count: 110, requested_bytes: 32395264, completed_bytes: 32395264, remaining_bytes: 0, ioctl_count: 110, wall_time_us: 72023 }]
prefault_e2e_resource_cold_enabled_run3 mean  126.74 ms  min  106.70 ms  max  156.88 ms  samples 10
prefault_e2e_resource_cold_enabled_run3_restore_setup mean    4.43 ms  min    4.15 ms  max    4.79 ms  samples 10
prefault_e2e_resource_cold_enabled_run3_snapshot_load mean   11.84 ms  min   10.21 ms  max   13.29 ms  samples 10
prefault_e2e_resource_cold_enabled_run3_prefault mean   56.18 ms  min   39.39 ms  max   86.92 ms  samples 10
prefault_e2e_resource_cold_enabled_run3_firecracker_resume mean    1.27 ms  min    1.05 ms  max    1.39 ms  samples 10
prefault_e2e_resource_cold_enabled_run3_envd_ready mean   12.40 ms  min   10.21 ms  max   17.03 ms  samples 10
prefault_e2e_resource_cold_enabled_run3_guest_command mean   40.31 ms  min   36.21 ms  max   49.60 ms  samples 10
prefault_e2e_resource_cold_disabled_run4_sample sample=1 total_us=143393 restore_setup_us=4542 snapshot_load_us=12598 prefault_us=4 firecracker_resume_us=1008 envd_ready_us=80391 guest_command_us=44541
prefault_e2e_resource_cold_disabled_run4_sample sample=2 total_us=136731 restore_setup_us=4419 snapshot_load_us=10571 prefault_us=4 firecracker_resume_us=875 envd_ready_us=65274 guest_command_us=55275
prefault_e2e_resource_cold_disabled_run4_sample sample=3 total_us=147880 restore_setup_us=3985 snapshot_load_us=12021 prefault_us=4 firecracker_resume_us=1352 envd_ready_us=78181 guest_command_us=52045
prefault_e2e_resource_cold_disabled_run4_sample sample=4 total_us=139265 restore_setup_us=4143 snapshot_load_us=12415 prefault_us=4 firecracker_resume_us=1093 envd_ready_us=65993 guest_command_us=55302
prefault_e2e_resource_cold_disabled_run4_sample sample=5 total_us=137260 restore_setup_us=4407 snapshot_load_us=11696 prefault_us=4 firecracker_resume_us=971 envd_ready_us=70470 guest_command_us=49411
prefault_e2e_resource_cold_disabled_run4_sample sample=6 total_us=166949 restore_setup_us=4298 snapshot_load_us=12763 prefault_us=4 firecracker_resume_us=1007 envd_ready_us=92771 guest_command_us=55825
prefault_e2e_resource_cold_disabled_run4_sample sample=7 total_us=144066 restore_setup_us=4203 snapshot_load_us=10797 prefault_us=4 firecracker_resume_us=1388 envd_ready_us=71660 guest_command_us=55699
prefault_e2e_resource_cold_disabled_run4_sample sample=8 total_us=126992 restore_setup_us=4326 snapshot_load_us=10252 prefault_us=4 firecracker_resume_us=836 envd_ready_us=58431 guest_command_us=52853
prefault_e2e_resource_cold_disabled_run4_sample sample=9 total_us=166304 restore_setup_us=4586 snapshot_load_us=11353 prefault_us=4 firecracker_resume_us=1639 envd_ready_us=94890 guest_command_us=53518
prefault_e2e_resource_cold_disabled_run4_sample sample=10 total_us=130151 restore_setup_us=4714 snapshot_load_us=10673 prefault_us=4 firecracker_resume_us=1015 envd_ready_us=64122 guest_command_us=49308
prefault_e2e_resource_cold_disabled_run4 mean  143.90 ms  min  126.99 ms  max  166.95 ms  samples 10
prefault_e2e_resource_cold_disabled_run4_restore_setup mean    4.36 ms  min    3.99 ms  max    4.71 ms  samples 10
prefault_e2e_resource_cold_disabled_run4_snapshot_load mean   11.51 ms  min   10.25 ms  max   12.76 ms  samples 10
prefault_e2e_resource_cold_disabled_run4_prefault mean    0.00 ms  min    0.00 ms  max    0.00 ms  samples 10
prefault_e2e_resource_cold_disabled_run4_firecracker_resume mean    1.12 ms  min    0.84 ms  max    1.64 ms  samples 10
prefault_e2e_resource_cold_disabled_run4_envd_ready mean   74.22 ms  min   58.43 ms  max   94.89 ms  samples 10
prefault_e2e_resource_cold_disabled_run4_guest_command mean   52.38 ms  min   44.54 ms  max   55.83 ms  samples 10
prefault_e2e_hot_disabled_run1_sample sample=1 total_us=92065 restore_setup_us=3073 snapshot_load_us=30747 prefault_us=4 firecracker_resume_us=1018 envd_ready_us=30300 guest_command_us=26615
prefault_e2e_hot_disabled_run1_sample sample=2 total_us=87423 restore_setup_us=3968 snapshot_load_us=10743 prefault_us=4 firecracker_resume_us=729 envd_ready_us=32959 guest_command_us=38716
prefault_e2e_hot_disabled_run1_sample sample=3 total_us=80711 restore_setup_us=2996 snapshot_load_us=10661 prefault_us=4 firecracker_resume_us=1112 envd_ready_us=32182 guest_command_us=33462
prefault_e2e_hot_disabled_run1_sample sample=4 total_us=86946 restore_setup_us=3941 snapshot_load_us=9099 prefault_us=2 firecracker_resume_us=933 envd_ready_us=33557 guest_command_us=39107
prefault_e2e_hot_disabled_run1_sample sample=5 total_us=82365 restore_setup_us=3042 snapshot_load_us=9674 prefault_us=4 firecracker_resume_us=1007 envd_ready_us=31814 guest_command_us=36511
prefault_e2e_hot_disabled_run1_sample sample=6 total_us=88511 restore_setup_us=3107 snapshot_load_us=10710 prefault_us=4 firecracker_resume_us=812 envd_ready_us=33880 guest_command_us=39731
prefault_e2e_hot_disabled_run1_sample sample=7 total_us=88068 restore_setup_us=3236 snapshot_load_us=10352 prefault_us=3 firecracker_resume_us=797 envd_ready_us=34554 guest_command_us=38859
prefault_e2e_hot_disabled_run1_sample sample=8 total_us=84143 restore_setup_us=3049 snapshot_load_us=10053 prefault_us=3 firecracker_resume_us=1160 envd_ready_us=31656 guest_command_us=37949
prefault_e2e_hot_disabled_run1_sample sample=9 total_us=84077 restore_setup_us=3108 snapshot_load_us=9763 prefault_us=4 firecracker_resume_us=1142 envd_ready_us=31774 guest_command_us=38012
prefault_e2e_hot_disabled_run1_sample sample=10 total_us=81887 restore_setup_us=2776 snapshot_load_us=11255 prefault_us=4 firecracker_resume_us=1287 envd_ready_us=32130 guest_command_us=34151
prefault_e2e_hot_disabled_run1 mean   85.62 ms  min   80.71 ms  max   92.07 ms  samples 10
prefault_e2e_hot_disabled_run1_restore_setup mean    3.23 ms  min    2.78 ms  max    3.97 ms  samples 10
prefault_e2e_hot_disabled_run1_snapshot_load mean   12.31 ms  min    9.10 ms  max   30.75 ms  samples 10
prefault_e2e_hot_disabled_run1_prefault mean    0.00 ms  min    0.00 ms  max    0.00 ms  samples 10
prefault_e2e_hot_disabled_run1_firecracker_resume mean    1.00 ms  min    0.73 ms  max    1.29 ms  samples 10
prefault_e2e_hot_disabled_run1_envd_ready mean   32.48 ms  min   30.30 ms  max   34.55 ms  samples 10
prefault_e2e_hot_disabled_run1_guest_command mean   36.31 ms  min   26.62 ms  max   39.73 ms  samples 10
prefault_e2e_hot_enabled_run2_sample sample=1 total_us=91142 restore_setup_us=3743 snapshot_load_us=9213 prefault_us=20840 firecracker_resume_us=976 envd_ready_us=16480 guest_command_us=39469
prefault_e2e_hot_enabled_run2_prefault_stats sample=1 requested_bytes=32395264 completed_bytes=32395264 remaining_bytes=0 range_count=110 ioctl_count=110 wall_time_us=19264 workers=[PrefaultWorkerStats { vcpu_id: 0, range_count: 110, requested_bytes: 32395264, completed_bytes: 32395264, remaining_bytes: 0, ioctl_count: 110, wall_time_us: 19069 }]
prefault_e2e_hot_enabled_run2_sample sample=2 total_us=86689 restore_setup_us=3202 snapshot_load_us=10331 prefault_us=19902 firecracker_resume_us=1260 envd_ready_us=16351 guest_command_us=35347
prefault_e2e_hot_enabled_run2_prefault_stats sample=2 requested_bytes=32395264 completed_bytes=32395264 remaining_bytes=0 range_count=110 ioctl_count=110 wall_time_us=18212 workers=[PrefaultWorkerStats { vcpu_id: 0, range_count: 110, requested_bytes: 32395264, completed_bytes: 32395264, remaining_bytes: 0, ioctl_count: 110, wall_time_us: 17963 }]
prefault_e2e_hot_enabled_run2_sample sample=3 total_us=84591 restore_setup_us=3232 snapshot_load_us=11151 prefault_us=21415 firecracker_resume_us=1233 envd_ready_us=15297 guest_command_us=31947
prefault_e2e_hot_enabled_run2_prefault_stats sample=3 requested_bytes=32395264 completed_bytes=32395264 remaining_bytes=0 range_count=110 ioctl_count=111 wall_time_us=19410 workers=[PrefaultWorkerStats { vcpu_id: 0, range_count: 110, requested_bytes: 32395264, completed_bytes: 32395264, remaining_bytes: 0, ioctl_count: 111, wall_time_us: 19240 }]
prefault_e2e_hot_enabled_run2_sample sample=4 total_us=91255 restore_setup_us=3595 snapshot_load_us=10747 prefault_us=21542 firecracker_resume_us=1279 envd_ready_us=16711 guest_command_us=37076
prefault_e2e_hot_enabled_run2_prefault_stats sample=4 requested_bytes=32395264 completed_bytes=32395264 remaining_bytes=0 range_count=110 ioctl_count=110 wall_time_us=19828 workers=[PrefaultWorkerStats { vcpu_id: 0, range_count: 110, requested_bytes: 32395264, completed_bytes: 32395264, remaining_bytes: 0, ioctl_count: 110, wall_time_us: 19639 }]
prefault_e2e_hot_enabled_run2_sample sample=5 total_us=82346 restore_setup_us=3971 snapshot_load_us=9311 prefault_us=20451 firecracker_resume_us=1186 envd_ready_us=15978 guest_command_us=31147
prefault_e2e_hot_enabled_run2_prefault_stats sample=5 requested_bytes=32395264 completed_bytes=32395264 remaining_bytes=0 range_count=110 ioctl_count=110 wall_time_us=18794 workers=[PrefaultWorkerStats { vcpu_id: 0, range_count: 110, requested_bytes: 32395264, completed_bytes: 32395264, remaining_bytes: 0, ioctl_count: 110, wall_time_us: 18526 }]
prefault_e2e_hot_enabled_run2_sample sample=6 total_us=87789 restore_setup_us=3317 snapshot_load_us=10098 prefault_us=20878 firecracker_resume_us=1281 envd_ready_us=16747 guest_command_us=35170
prefault_e2e_hot_enabled_run2_prefault_stats sample=6 requested_bytes=32395264 completed_bytes=32395264 remaining_bytes=0 range_count=110 ioctl_count=110 wall_time_us=18770 workers=[PrefaultWorkerStats { vcpu_id: 0, range_count: 110, requested_bytes: 32395264, completed_bytes: 32395264, remaining_bytes: 0, ioctl_count: 110, wall_time_us: 18576 }]
prefault_e2e_hot_enabled_run2_sample sample=7 total_us=88263 restore_setup_us=3515 snapshot_load_us=11603 prefault_us=20037 firecracker_resume_us=1232 envd_ready_us=15995 guest_command_us=35605
prefault_e2e_hot_enabled_run2_prefault_stats sample=7 requested_bytes=32395264 completed_bytes=32395264 remaining_bytes=0 range_count=110 ioctl_count=110 wall_time_us=17973 workers=[PrefaultWorkerStats { vcpu_id: 0, range_count: 110, requested_bytes: 32395264, completed_bytes: 32395264, remaining_bytes: 0, ioctl_count: 110, wall_time_us: 17728 }]
prefault_e2e_hot_enabled_run2_sample sample=8 total_us=82191 restore_setup_us=3281 snapshot_load_us=9924 prefault_us=21126 firecracker_resume_us=1298 envd_ready_us=15709 guest_command_us=30585
prefault_e2e_hot_enabled_run2_prefault_stats sample=8 requested_bytes=32395264 completed_bytes=32395264 remaining_bytes=0 range_count=110 ioctl_count=110 wall_time_us=19224 workers=[PrefaultWorkerStats { vcpu_id: 0, range_count: 110, requested_bytes: 32395264, completed_bytes: 32395264, remaining_bytes: 0, ioctl_count: 110, wall_time_us: 18989 }]
prefault_e2e_hot_enabled_run2_sample sample=9 total_us=88348 restore_setup_us=3249 snapshot_load_us=10828 prefault_us=20408 firecracker_resume_us=1331 envd_ready_us=16293 guest_command_us=35952
prefault_e2e_hot_enabled_run2_prefault_stats sample=9 requested_bytes=32395264 completed_bytes=32395264 remaining_bytes=0 range_count=110 ioctl_count=110 wall_time_us=18430 workers=[PrefaultWorkerStats { vcpu_id: 0, range_count: 110, requested_bytes: 32395264, completed_bytes: 32395264, remaining_bytes: 0, ioctl_count: 110, wall_time_us: 18180 }]
prefault_e2e_hot_enabled_run2_sample sample=10 total_us=83037 restore_setup_us=3146 snapshot_load_us=11297 prefault_us=20733 firecracker_resume_us=1115 envd_ready_us=16537 guest_command_us=29875
prefault_e2e_hot_enabled_run2_prefault_stats sample=10 requested_bytes=32395264 completed_bytes=32395264 remaining_bytes=0 range_count=110 ioctl_count=110 wall_time_us=18582 workers=[PrefaultWorkerStats { vcpu_id: 0, range_count: 110, requested_bytes: 32395264, completed_bytes: 32395264, remaining_bytes: 0, ioctl_count: 110, wall_time_us: 18338 }]
prefault_e2e_hot_enabled_run2 mean   86.57 ms  min   82.19 ms  max   91.26 ms  samples 10
prefault_e2e_hot_enabled_run2_restore_setup mean    3.43 ms  min    3.15 ms  max    3.97 ms  samples 10
prefault_e2e_hot_enabled_run2_snapshot_load mean   10.45 ms  min    9.21 ms  max   11.60 ms  samples 10
prefault_e2e_hot_enabled_run2_prefault mean   20.73 ms  min   19.90 ms  max   21.54 ms  samples 10
prefault_e2e_hot_enabled_run2_firecracker_resume mean    1.22 ms  min    0.98 ms  max    1.33 ms  samples 10
prefault_e2e_hot_enabled_run2_envd_ready mean   16.21 ms  min   15.30 ms  max   16.75 ms  samples 10
prefault_e2e_hot_enabled_run2_guest_command mean   34.22 ms  min   29.88 ms  max   39.47 ms  samples 10
prefault_e2e_hot_enabled_run3_sample sample=1 total_us=84388 restore_setup_us=2896 snapshot_load_us=11227 prefault_us=20569 firecracker_resume_us=1336 envd_ready_us=16170 guest_command_us=31848
prefault_e2e_hot_enabled_run3_prefault_stats sample=1 requested_bytes=32395264 completed_bytes=32395264 remaining_bytes=0 range_count=110 ioctl_count=110 wall_time_us=18446 workers=[PrefaultWorkerStats { vcpu_id: 0, range_count: 110, requested_bytes: 32395264, completed_bytes: 32395264, remaining_bytes: 0, ioctl_count: 110, wall_time_us: 18188 }]
prefault_e2e_hot_enabled_run3_sample sample=2 total_us=87444 restore_setup_us=3318 snapshot_load_us=11206 prefault_us=20991 firecracker_resume_us=1166 envd_ready_us=16348 guest_command_us=34156
prefault_e2e_hot_enabled_run3_prefault_stats sample=2 requested_bytes=32395264 completed_bytes=32395264 remaining_bytes=0 range_count=110 ioctl_count=110 wall_time_us=18809 workers=[PrefaultWorkerStats { vcpu_id: 0, range_count: 110, requested_bytes: 32395264, completed_bytes: 32395264, remaining_bytes: 0, ioctl_count: 110, wall_time_us: 18562 }]
prefault_e2e_hot_enabled_run3_sample sample=3 total_us=77995 restore_setup_us=2946 snapshot_load_us=11278 prefault_us=21374 firecracker_resume_us=1271 envd_ready_us=15144 guest_command_us=25696
prefault_e2e_hot_enabled_run3_prefault_stats sample=3 requested_bytes=32395264 completed_bytes=32395264 remaining_bytes=0 range_count=110 ioctl_count=110 wall_time_us=19524 workers=[PrefaultWorkerStats { vcpu_id: 0, range_count: 110, requested_bytes: 32395264, completed_bytes: 32395264, remaining_bytes: 0, ioctl_count: 110, wall_time_us: 19261 }]
prefault_e2e_hot_enabled_run3_sample sample=4 total_us=83131 restore_setup_us=2860 snapshot_load_us=8683 prefault_us=19763 firecracker_resume_us=1262 envd_ready_us=17107 guest_command_us=33125
prefault_e2e_hot_enabled_run3_prefault_stats sample=4 requested_bytes=32395264 completed_bytes=32395264 remaining_bytes=0 range_count=110 ioctl_count=110 wall_time_us=18166 workers=[PrefaultWorkerStats { vcpu_id: 0, range_count: 110, requested_bytes: 32395264, completed_bytes: 32395264, remaining_bytes: 0, ioctl_count: 110, wall_time_us: 17926 }]
prefault_e2e_hot_enabled_run3_sample sample=5 total_us=87369 restore_setup_us=3585 snapshot_load_us=10660 prefault_us=21358 firecracker_resume_us=1291 envd_ready_us=15412 guest_command_us=34774
prefault_e2e_hot_enabled_run3_prefault_stats sample=5 requested_bytes=32395264 completed_bytes=32395264 remaining_bytes=0 range_count=110 ioctl_count=110 wall_time_us=19114 workers=[PrefaultWorkerStats { vcpu_id: 0, range_count: 110, requested_bytes: 32395264, completed_bytes: 32395264, remaining_bytes: 0, ioctl_count: 110, wall_time_us: 18840 }]
prefault_e2e_hot_enabled_run3_sample sample=6 total_us=82157 restore_setup_us=3158 snapshot_load_us=8990 prefault_us=21287 firecracker_resume_us=1285 envd_ready_us=16252 guest_command_us=30896
prefault_e2e_hot_enabled_run3_prefault_stats sample=6 requested_bytes=32395264 completed_bytes=32395264 remaining_bytes=0 range_count=110 ioctl_count=110 wall_time_us=19507 workers=[PrefaultWorkerStats { vcpu_id: 0, range_count: 110, requested_bytes: 32395264, completed_bytes: 32395264, remaining_bytes: 0, ioctl_count: 110, wall_time_us: 19265 }]
prefault_e2e_hot_enabled_run3_sample sample=7 total_us=84434 restore_setup_us=3023 snapshot_load_us=9950 prefault_us=21114 firecracker_resume_us=1177 envd_ready_us=15412 guest_command_us=33498
prefault_e2e_hot_enabled_run3_prefault_stats sample=7 requested_bytes=32395264 completed_bytes=32395264 remaining_bytes=0 range_count=110 ioctl_count=110 wall_time_us=19205 workers=[PrefaultWorkerStats { vcpu_id: 0, range_count: 110, requested_bytes: 32395264, completed_bytes: 32395264, remaining_bytes: 0, ioctl_count: 110, wall_time_us: 19022 }]
prefault_e2e_hot_enabled_run3_sample sample=8 total_us=83060 restore_setup_us=3004 snapshot_load_us=9984 prefault_us=20406 firecracker_resume_us=1316 envd_ready_us=16472 guest_command_us=31602
prefault_e2e_hot_enabled_run3_prefault_stats sample=8 requested_bytes=32395264 completed_bytes=32395264 remaining_bytes=0 range_count=110 ioctl_count=110 wall_time_us=18358 workers=[PrefaultWorkerStats { vcpu_id: 0, range_count: 110, requested_bytes: 32395264, completed_bytes: 32395264, remaining_bytes: 0, ioctl_count: 110, wall_time_us: 18133 }]
prefault_e2e_hot_enabled_run3_sample sample=9 total_us=89242 restore_setup_us=2989 snapshot_load_us=10282 prefault_us=22125 firecracker_resume_us=1144 envd_ready_us=16112 guest_command_us=36303
prefault_e2e_hot_enabled_run3_prefault_stats sample=9 requested_bytes=32395264 completed_bytes=32395264 remaining_bytes=0 range_count=110 ioctl_count=110 wall_time_us=20158 workers=[PrefaultWorkerStats { vcpu_id: 0, range_count: 110, requested_bytes: 32395264, completed_bytes: 32395264, remaining_bytes: 0, ioctl_count: 110, wall_time_us: 19902 }]
prefault_e2e_hot_enabled_run3_sample sample=10 total_us=88031 restore_setup_us=3031 snapshot_load_us=10019 prefault_us=21504 firecracker_resume_us=1296 envd_ready_us=15803 guest_command_us=36091
prefault_e2e_hot_enabled_run3_prefault_stats sample=10 requested_bytes=32395264 completed_bytes=32395264 remaining_bytes=0 range_count=110 ioctl_count=110 wall_time_us=19670 workers=[PrefaultWorkerStats { vcpu_id: 0, range_count: 110, requested_bytes: 32395264, completed_bytes: 32395264, remaining_bytes: 0, ioctl_count: 110, wall_time_us: 19416 }]
prefault_e2e_hot_enabled_run3 mean   84.73 ms  min   78.00 ms  max   89.24 ms  samples 10
prefault_e2e_hot_enabled_run3_restore_setup mean    3.08 ms  min    2.86 ms  max    3.59 ms  samples 10
prefault_e2e_hot_enabled_run3_snapshot_load mean   10.23 ms  min    8.68 ms  max   11.28 ms  samples 10
prefault_e2e_hot_enabled_run3_prefault mean   21.05 ms  min   19.76 ms  max   22.13 ms  samples 10
prefault_e2e_hot_enabled_run3_firecracker_resume mean    1.25 ms  min    1.14 ms  max    1.34 ms  samples 10
prefault_e2e_hot_enabled_run3_envd_ready mean   16.02 ms  min   15.14 ms  max   17.11 ms  samples 10
prefault_e2e_hot_enabled_run3_guest_command mean   32.80 ms  min   25.70 ms  max   36.30 ms  samples 10
prefault_e2e_hot_disabled_run4_sample sample=1 total_us=83937 restore_setup_us=3183 snapshot_load_us=10385 prefault_us=6 firecracker_resume_us=1062 envd_ready_us=33999 guest_command_us=34935
prefault_e2e_hot_disabled_run4_sample sample=2 total_us=88083 restore_setup_us=3134 snapshot_load_us=10785 prefault_us=4 firecracker_resume_us=959 envd_ready_us=32229 guest_command_us=40694
prefault_e2e_hot_disabled_run4_sample sample=3 total_us=74796 restore_setup_us=3073 snapshot_load_us=9866 prefault_us=3 firecracker_resume_us=1070 envd_ready_us=31268 guest_command_us=29027
prefault_e2e_hot_disabled_run4_sample sample=4 total_us=87553 restore_setup_us=3095 snapshot_load_us=10970 prefault_us=4 firecracker_resume_us=1085 envd_ready_us=31530 guest_command_us=40600
prefault_e2e_hot_disabled_run4_sample sample=5 total_us=85771 restore_setup_us=3670 snapshot_load_us=9784 prefault_us=3 firecracker_resume_us=857 envd_ready_us=32528 guest_command_us=38661
prefault_e2e_hot_disabled_run4_sample sample=6 total_us=81803 restore_setup_us=2887 snapshot_load_us=11356 prefault_us=4 firecracker_resume_us=938 envd_ready_us=32035 guest_command_us=34284
prefault_e2e_hot_disabled_run4_sample sample=7 total_us=84589 restore_setup_us=3032 snapshot_load_us=10707 prefault_us=4 firecracker_resume_us=852 envd_ready_us=31711 guest_command_us=38005
prefault_e2e_hot_disabled_run4_sample sample=8 total_us=86138 restore_setup_us=2919 snapshot_load_us=11880 prefault_us=4 firecracker_resume_us=1064 envd_ready_us=31578 guest_command_us=38401
prefault_e2e_hot_disabled_run4_sample sample=9 total_us=85503 restore_setup_us=3226 snapshot_load_us=10163 prefault_us=4 firecracker_resume_us=1052 envd_ready_us=31317 guest_command_us=39440
prefault_e2e_hot_disabled_run4_sample sample=10 total_us=89961 restore_setup_us=3206 snapshot_load_us=10800 prefault_us=5 firecracker_resume_us=966 envd_ready_us=33196 guest_command_us=41479
prefault_e2e_hot_disabled_run4 mean   84.81 ms  min   74.80 ms  max   89.96 ms  samples 10
prefault_e2e_hot_disabled_run4_restore_setup mean    3.14 ms  min    2.89 ms  max    3.67 ms  samples 10
prefault_e2e_hot_disabled_run4_snapshot_load mean   10.67 ms  min    9.78 ms  max   11.88 ms  samples 10
prefault_e2e_hot_disabled_run4_prefault mean    0.00 ms  min    0.00 ms  max    0.01 ms  samples 10
prefault_e2e_hot_disabled_run4_firecracker_resume mean    0.99 ms  min    0.85 ms  max    1.09 ms  samples 10
prefault_e2e_hot_disabled_run4_envd_ready mean   32.14 ms  min   31.27 ms  max   34.00 ms  samples 10
prefault_e2e_hot_disabled_run4_guest_command mean   37.55 ms  min   29.03 ms  max   41.48 ms  samples 10
